// Jest Snapshot v1, https://goo.gl/fbAQLP

exports[`Pruebas en <GifGidItem /> Debe mostrar el componente correctamente  1`] = `
<div
  className="card animate__animated animate__fadeIn"
>
  <img
    alt="Este es el titulo"
    src="https://localhost/hola.png"
  />
  <p>
     
    Este es el titulo
     
  </p>
</div>
`;
